Usage:
  dependabot scan [OPTION]... [FILE]

Options:
  -d, [--dependency=DEPENDENCY]        # Update a specific dependency
  -p, [--push], [--no-push]            # Push the update as a pull request. Default: --no-push
  -r, [--recursive], [--no-recursive]  # Perform a recursive. Default: --no-recursive

Scan a directory or file for dependencies to update
